GNU ld (GNU Binutils) 2.20.1.20100303
Archive member included because of file (symbol)

/usr/local/m68k-elf/lib/libm.a(w_asin.o)
                              ReponseIndicielle.o (asin)
/usr/local/m68k-elf/lib/libm.a(e_asin.o)
                              /usr/local/m68k-elf/lib/libm.a(w_asin.o) (__ieee754_asin)
/usr/local/m68k-elf/lib/libm.a(e_sqrt.o)
                              /usr/local/m68k-elf/lib/libm.a(e_asin.o) (__ieee754_sqrt)
/usr/local/m68k-elf/lib/libm.a(s_fabs.o)
                              /usr/local/m68k-elf/lib/libm.a(w_asin.o) (fabs)
/usr/local/m68k-elf/lib/libm.a(s_isnand.o)
                              /usr/local/m68k-elf/lib/libm.a(w_asin.o) (__isnand)
/usr/local/m68k-elf/lib/libm.a(s_lib_ver.o)
                              /usr/local/m68k-elf/lib/libm.a(w_asin.o) (__fdlib_version)
/usr/local/m68k-elf/lib/libm.a(s_matherr.o)
                              /usr/local/m68k-elf/lib/libm.a(w_asin.o) (matherr)
/usr/local/lib/gcc/m68k-elf/4.5.2/m5211//libgcc.a(_udivsi3.o)
                              libs/mfprintf/mfprintf.o (__udivsi3)
/usr/local/lib/gcc/m68k-elf/4.5.2/m5211//libgcc.a(_divsi3.o)
                              libs/mfprintf/mfprintf.o (__divsi3)
/usr/local/lib/gcc/m68k-elf/4.5.2/m5211//libgcc.a(_umodsi3.o)
                              libs/mfprintf/mfprintf.o (__umodsi3)
/usr/local/lib/gcc/m68k-elf/4.5.2/m5211//libgcc.a(_modsi3.o)
                              libs/mfprintf/mfprintf.o (__modsi3)
/usr/local/lib/gcc/m68k-elf/4.5.2/m5211//libgcc.a(_double.o)
                              /usr/local/m68k-elf/lib/libm.a(e_asin.o) (__adddf3)
/usr/local/lib/gcc/m68k-elf/4.5.2/m5211//libgcc.a(_floatex.o)
                              /usr/local/lib/gcc/m68k-elf/4.5.2/m5211//libgcc.a(_double.o) (_fpCCR)
/usr/local/lib/gcc/m68k-elf/4.5.2/m5211//libgcc.a(_gtdf2.o)
                              /usr/local/m68k-elf/lib/libm.a(w_asin.o) (__gtdf2)
/usr/local/lib/gcc/m68k-elf/4.5.2/m5211//libgcc.a(fpgnulib.o)
                              ReponseIndicielle.o (__floatsidf)

Allocating common symbols
Common symbol       size              file

tabInertie          0x9               ReponseIndicielle.o
PWMot4              0x1               ReponseIndicielle.o
MoyAY               0x1               ReponseIndicielle.o
moteur4             0x4               ReponseIndicielle.o
GaX                 0x4               ReponseIndicielle.o
pTabmoyAY           0x4               ReponseIndicielle.o
moteur1             0x4               ReponseIndicielle.o
GvX                 0x4               ReponseIndicielle.o
GaY                 0x4               ReponseIndicielle.o
MoyAX               0x1               ReponseIndicielle.o
IGpX                0x4               ReponseIndicielle.o
GvY                 0x4               ReponseIndicielle.o
PWMot2              0x1               ReponseIndicielle.o
pTabmoyAX           0x4               ReponseIndicielle.o
GvZ                 0x4               ReponseIndicielle.o
moteur2             0x4               ReponseIndicielle.o
tabMoyAX            0x40              ReponseIndicielle.o
PWMot3              0x1               ReponseIndicielle.o
IGpY                0x4               ReponseIndicielle.o
PWMot1              0x1               ReponseIndicielle.o
moteur3             0x4               ReponseIndicielle.o
bufGyroOld          0x6               ReponseIndicielle.o
tabMoyAY            0x40              ReponseIndicielle.o

Memory Configuration

Name             Origin             Length             Attributes
*default*        0x0000000000000000 0xffffffffffffffff

Linker script and memory map

LOAD libs/crt/crt.o
LOAD libs/spiUtils/spiUtils.o
LOAD libs/mfprintf/mfprintf.o
LOAD libs/lib-iobase-evb5213/lib-iobase-evb5213.o
LOAD ReponseIndicielle.o
LOAD /usr/local/m68k-elf/lib/libm.a
LOAD /usr/local/lib/gcc/m68k-elf/4.5.2/m5211//libgcc.a
Address of section .text set to 0x20002000
                0x0000000080000000                PROVIDE (__executable_start, 0x80000000)
                0x0000000080000000                . = (0x80000000 + SIZEOF_HEADERS)

.interp
 *(.interp)

.note.gnu.build-id
 *(.note.gnu.build-id)

.hash
 *(.hash)

.gnu.hash
 *(.gnu.hash)

.dynsym
 *(.dynsym)

.dynstr
 *(.dynstr)

.gnu.version
 *(.gnu.version)

.gnu.version_d
 *(.gnu.version_d)

.gnu.version_r
 *(.gnu.version_r)

.rela.dyn       0x0000000080000000        0x0
 *(.rela.init)
 *(.rela.text .rela.text.* .rela.gnu.linkonce.t.*)
 *(.rela.fini)
 *(.rela.rodata .rela.rodata.* .rela.gnu.linkonce.r.*)
 *(.rela.data .rela.data.* .rela.gnu.linkonce.d.*)
 *(.rela.tdata .rela.tdata.* .rela.gnu.linkonce.td.*)
 *(.rela.tbss .rela.tbss.* .rela.gnu.linkonce.tb.*)
 *(.rela.ctors)
 *(.rela.dtors)
 *(.rela.got)
 *(.rela.bss .rela.bss.* .rela.gnu.linkonce.b.*)
                0x0000000080000000                PROVIDE (__rel_iplt_start, .)
                0x0000000080000000                PROVIDE (__rel_iplt_end, .)
                0x0000000080000000                PROVIDE (__rela_iplt_start, .)
 *(.rela.iplt)
                0x0000000080000000                PROVIDE (__rela_iplt_end, .)

.rela.plt
 *(.rela.plt)

.init
 *(.init)

.plt
 *(.plt)

.iplt
 *(.iplt)

.text           0x0000000020002000     0x31ec
 *(.text.unlikely .text.*_unlikely)
 *(.text .stub .text.* .gnu.linkonce.t.*)
 .text          0x0000000020002000       0x28 libs/crt/crt.o
                0x0000000020002000                _start
                0x0000000020002000                start
                0x0000000020002024                __init
                0x0000000020002026                __fini
 .text          0x0000000020002028      0x434 libs/spiUtils/spiUtils.o
                0x0000000020002028                Init_spi
                0x00000000200020ea                Init_AccGyro
                0x000000002000221a                SpiWrite8
                0x00000000200022d2                SpiRead6R
                0x000000002000239a                SpiRead8
 .text          0x000000002000245c      0x65c libs/mfprintf/mfprintf.o
                0x000000002000245c                strcpy
                0x00000000200024ae                strlen
                0x00000000200024dc                itoa
                0x00000000200025e2                ultoa
                0x00000000200026b4                printf
 .text          0x0000000020002ab8       0xd4 libs/lib-iobase-evb5213/lib-iobase-evb5213.o
                0x0000000020002ab8                kbhit
                0x0000000020002ad6                getch
                0x0000000020002b0c                out_char
                0x0000000020002b54                puts
 .text          0x0000000020002b8c      0x8ca ReponseIndicielle.o
                0x0000000020002b8c                actionINT1
                0x0000000020002bd0                main
                0x0000000020002fc2                Init_PWM
                0x0000000020003100                Init_5213
                0x00000000200031f2                sat
                0x0000000020003228                GetInertie
 *fill*         0x0000000020003456        0x2 4e714e71
 .text          0x0000000020003458       0xf8 /usr/local/m68k-elf/lib/libm.a(w_asin.o)
                0x0000000020003458                asin
 .text          0x0000000020003550      0x84a /usr/local/m68k-elf/lib/libm.a(e_asin.o)
                0x0000000020003550                __ieee754_asin
 *fill*         0x0000000020003d9a        0x2 4e714e71
 .text          0x0000000020003d9c      0x2aa /usr/local/m68k-elf/lib/libm.a(e_sqrt.o)
                0x0000000020003d9c                __ieee754_sqrt
 *fill*         0x0000000020004046        0x2 4e714e71
 .text          0x0000000020004048       0x22 /usr/local/m68k-elf/lib/libm.a(s_fabs.o)
                0x0000000020004048                fabs
 *fill*         0x000000002000406a        0x2 4e714e71
 .text          0x000000002000406c       0x34 /usr/local/m68k-elf/lib/libm.a(s_isnand.o)
                0x000000002000406c                __isnand
 .text          0x00000000200040a0        0x0 /usr/local/m68k-elf/lib/libm.a(s_lib_ver.o)
 .text          0x00000000200040a0        0xa /usr/local/m68k-elf/lib/libm.a(s_matherr.o)
                0x00000000200040a0                matherr
 *fill*         0x00000000200040aa        0x2 4e714e71
 .text          0x00000000200040ac       0x30 /usr/local/lib/gcc/m68k-elf/4.5.2/m5211//libgcc.a(_udivsi3.o)
                0x00000000200040ac                __udivsi3
 .text          0x00000000200040dc       0x2e /usr/local/lib/gcc/m68k-elf/4.5.2/m5211//libgcc.a(_divsi3.o)
                0x00000000200040dc                __divsi3
 *fill*         0x000000002000410a        0x2 4e714e71
 .text          0x000000002000410c       0x26 /usr/local/lib/gcc/m68k-elf/4.5.2/m5211//libgcc.a(_umodsi3.o)
                0x000000002000410c                __umodsi3
 *fill*         0x0000000020004132        0x2 4e714e71
 .text          0x0000000020004134       0x26 /usr/local/lib/gcc/m68k-elf/4.5.2/m5211//libgcc.a(_modsi3.o)
                0x0000000020004134                __modsi3
 *fill*         0x000000002000415a        0x2 4e714e71
 .text          0x000000002000415c      0xba0 /usr/local/lib/gcc/m68k-elf/4.5.2/m5211//libgcc.a(_double.o)
                0x00000000200041b6                __subdf3
                0x00000000200041bc                __adddf3
                0x0000000020004658                __muldf3
                0x0000000020004834                __divdf3
                0x0000000020004b24                __negdf2
                0x0000000020004b82                __cmpdf2_internal
                0x0000000020004c5a                __cmpdf2
 .text          0x0000000020004cfc       0x74 /usr/local/lib/gcc/m68k-elf/4.5.2/m5211//libgcc.a(_floatex.o)
                0x0000000020004cfc                __clear_sticky_bit
                0x0000000020004d08                $_exception_handler
 .text          0x0000000020004d70       0x22 /usr/local/lib/gcc/m68k-elf/4.5.2/m5211//libgcc.a(_gtdf2.o)
                0x0000000020004d70                __gtdf2
 *fill*         0x0000000020004d92        0x2 4e714e71
 .text          0x0000000020004d94      0x458 /usr/local/lib/gcc/m68k-elf/4.5.2/m5211//libgcc.a(fpgnulib.o)
                0x0000000020004d94                __unordsf2
                0x0000000020004dee                __unorddf2
                0x0000000020004e7a                __floatunsidf
                0x0000000020004ee4                __floatsidf
                0x0000000020004f78                __floatunsisf
                0x0000000020004f92                __floatsisf
                0x0000000020004fac                __extendsfdf2
                0x000000002000503c                __truncdfsf2
                0x000000002000515a                __fixdfsi
                0x00000000200051ce                __fixsfsi
 *(.gnu.warning)

.fini
 *(.fini)
                0x00000000200051ec                PROVIDE (__etext, .)
                0x00000000200051ec                PROVIDE (_etext, .)
                0x00000000200051ec                PROVIDE (etext, .)

.rodata         0x00000000200051ec       0xe2
 *(.rodata .rodata.* .gnu.linkonce.r.*)
 .rodata        0x00000000200051ec       0x3c libs/mfprintf/mfprintf.o
                0x00000000200051ec                chiffre
                0x00000000200051fc                code_descr
                0x0000000020005212                code_type
 .rodata        0x0000000020005228       0x9c ReponseIndicielle.o
 .rodata.str1.1
                0x00000000200052c4        0x5 /usr/local/m68k-elf/lib/libm.a(w_asin.o)
 *fill*         0x00000000200052c9        0x1 00
 .rodata        0x00000000200052ca        0x4 /usr/local/m68k-elf/lib/libm.a(s_lib_ver.o)
                0x00000000200052ca                __fdlib_version

.rodata1
 *(.rodata1)

.eh_frame_hdr
 *(.eh_frame_hdr)

.eh_frame
 *(.eh_frame)

.gcc_except_table
 *(.gcc_except_table .gcc_except_table.*)
                0x00000000200052ce                . = (ALIGN (0x2000) - ((0x2000 - .) & 0x1fff))
                0x00000000200072ce                . = (0x2000 DATA_SEGMENT_ALIGN 0x2000)

.eh_frame
 *(.eh_frame)

.gcc_except_table
 *(.gcc_except_table .gcc_except_table.*)

.tdata
 *(.tdata .tdata.* .gnu.linkonce.td.*)

.tbss
 *(.tbss .tbss.* .gnu.linkonce.tb.*)
 *(.tcommon)

.preinit_array  0x00000000200072ce        0x0
                0x00000000200072ce                PROVIDE (__preinit_array_start, .)
 *(.preinit_array)
                0x00000000200072ce                PROVIDE (__preinit_array_end, .)

.init_array     0x00000000200072ce        0x0
                0x00000000200072ce                PROVIDE (__init_array_start, .)
 *(SORT(.init_array.*))
 *(.init_array)
                0x00000000200072ce                PROVIDE (__init_array_end, .)

.fini_array     0x00000000200072ce        0x0
                0x00000000200072ce                PROVIDE (__fini_array_start, .)
 *(.fini_array)
 *(SORT(.fini_array.*))
                0x00000000200072ce                PROVIDE (__fini_array_end, .)

.ctors
 *crtbegin.o(.ctors)
 *crtbegin?.o(.ctors)
 *(EXCLUDE_FILE(*crtend?.o *crtend.o) .ctors)
 *(SORT(.ctors.*))
 *(.ctors)

.dtors
 *crtbegin.o(.dtors)
 *crtbegin?.o(.dtors)
 *(EXCLUDE_FILE(*crtend?.o *crtend.o) .dtors)
 *(SORT(.dtors.*))
 *(.dtors)

.jcr
 *(.jcr)

.data.rel.ro
 *(.data.rel.ro.local* .gnu.linkonce.d.rel.ro.local.*)
 *(.data.rel.ro* .gnu.linkonce.d.rel.ro.*)

.dynamic
 *(.dynamic)
                0x00000000200072ce                . = (. DATA_SEGMENT_RELRO_END 0x0)

.got
 *(.got.plt)
 *(.igot.plt)
 *(.got)
 *(.igot)

.data           0x00000000200072d0       0x1c
 *(.data .data.* .gnu.linkonce.d.*)
 .data          0x00000000200072d0        0x0 libs/crt/crt.o
 .data          0x00000000200072d0        0x0 libs/spiUtils/spiUtils.o
 .data          0x00000000200072d0        0x0 libs/mfprintf/mfprintf.o
 .data          0x00000000200072d0        0x0 libs/lib-iobase-evb5213/lib-iobase-evb5213.o
 .data          0x00000000200072d0        0x0 ReponseIndicielle.o
 .data          0x00000000200072d0        0x0 /usr/local/m68k-elf/lib/libm.a(w_asin.o)
 .data          0x00000000200072d0        0x0 /usr/local/m68k-elf/lib/libm.a(e_asin.o)
 .data          0x00000000200072d0        0x0 /usr/local/m68k-elf/lib/libm.a(e_sqrt.o)
 .data          0x00000000200072d0        0x0 /usr/local/m68k-elf/lib/libm.a(s_fabs.o)
 .data          0x00000000200072d0        0x0 /usr/local/m68k-elf/lib/libm.a(s_isnand.o)
 .data          0x00000000200072d0        0x0 /usr/local/m68k-elf/lib/libm.a(s_lib_ver.o)
 .data          0x00000000200072d0        0x0 /usr/local/m68k-elf/lib/libm.a(s_matherr.o)
 .data          0x00000000200072d0        0x0 /usr/local/lib/gcc/m68k-elf/4.5.2/m5211//libgcc.a(_udivsi3.o)
 .data          0x00000000200072d0        0x0 /usr/local/lib/gcc/m68k-elf/4.5.2/m5211//libgcc.a(_divsi3.o)
 .data          0x00000000200072d0        0x0 /usr/local/lib/gcc/m68k-elf/4.5.2/m5211//libgcc.a(_umodsi3.o)
 .data          0x00000000200072d0        0x0 /usr/local/lib/gcc/m68k-elf/4.5.2/m5211//libgcc.a(_modsi3.o)
 .data          0x00000000200072d0        0x0 /usr/local/lib/gcc/m68k-elf/4.5.2/m5211//libgcc.a(_double.o)
 .data          0x00000000200072d0       0x1c /usr/local/lib/gcc/m68k-elf/4.5.2/m5211//libgcc.a(_floatex.o)
                0x00000000200072d0                _fpCCR
 .data          0x00000000200072ec        0x0 /usr/local/lib/gcc/m68k-elf/4.5.2/m5211//libgcc.a(_gtdf2.o)
 .data          0x00000000200072ec        0x0 /usr/local/lib/gcc/m68k-elf/4.5.2/m5211//libgcc.a(fpgnulib.o)

.data1
 *(.data1)
                0x00000000200072ec                _edata = .
                0x00000000200072ec                PROVIDE (edata, .)
                0x00000000200072ec                __bss_start = .

.bss            0x00000000200072ec       0xec
 *(.dynbss)
 *(.bss .bss.* .gnu.linkonce.b.*)
 .bss           0x00000000200072ec        0x0 libs/crt/crt.o
 .bss           0x00000000200072ec        0x0 libs/spiUtils/spiUtils.o
 .bss           0x00000000200072ec        0x0 libs/mfprintf/mfprintf.o
 .bss           0x00000000200072ec        0x0 libs/lib-iobase-evb5213/lib-iobase-evb5213.o
 .bss           0x00000000200072ec       0x1c ReponseIndicielle.o
                0x00000000200072ec                __errno
                0x00000000200072f0                control_r
                0x00000000200072f4                control_p
                0x00000000200072f8                control_y
                0x00000000200072fc                SumAY
                0x0000000020007300                SumAX
                0x0000000020007304                nirq
 .bss           0x0000000020007308        0x0 /usr/local/m68k-elf/lib/libm.a(w_asin.o)
 .bss           0x0000000020007308        0x0 /usr/local/m68k-elf/lib/libm.a(e_asin.o)
 .bss           0x0000000020007308        0x0 /usr/local/m68k-elf/lib/libm.a(e_sqrt.o)
 .bss           0x0000000020007308        0x0 /usr/local/m68k-elf/lib/libm.a(s_fabs.o)
 .bss           0x0000000020007308        0x0 /usr/local/m68k-elf/lib/libm.a(s_isnand.o)
 .bss           0x0000000020007308        0x0 /usr/local/m68k-elf/lib/libm.a(s_lib_ver.o)
 .bss           0x0000000020007308        0x0 /usr/local/m68k-elf/lib/libm.a(s_matherr.o)
 .bss           0x0000000020007308        0x0 /usr/local/lib/gcc/m68k-elf/4.5.2/m5211//libgcc.a(_udivsi3.o)
 .bss           0x0000000020007308        0x0 /usr/local/lib/gcc/m68k-elf/4.5.2/m5211//libgcc.a(_divsi3.o)
 .bss           0x0000000020007308        0x0 /usr/local/lib/gcc/m68k-elf/4.5.2/m5211//libgcc.a(_umodsi3.o)
 .bss           0x0000000020007308        0x0 /usr/local/lib/gcc/m68k-elf/4.5.2/m5211//libgcc.a(_modsi3.o)
 .bss           0x0000000020007308        0x0 /usr/local/lib/gcc/m68k-elf/4.5.2/m5211//libgcc.a(_double.o)
 .bss           0x0000000020007308        0x0 /usr/local/lib/gcc/m68k-elf/4.5.2/m5211//libgcc.a(_floatex.o)
 .bss           0x0000000020007308        0x0 /usr/local/lib/gcc/m68k-elf/4.5.2/m5211//libgcc.a(_gtdf2.o)
 .bss           0x0000000020007308        0x0 /usr/local/lib/gcc/m68k-elf/4.5.2/m5211//libgcc.a(fpgnulib.o)
 *(COMMON)
 COMMON         0x0000000020007308       0xce ReponseIndicielle.o
                0x0000000020007308                tabInertie
                0x0000000020007311                PWMot4
                0x0000000020007312                MoyAY
                0x0000000020007314                moteur4
                0x0000000020007318                GaX
                0x000000002000731c                pTabmoyAY
                0x0000000020007320                moteur1
                0x0000000020007324                GvX
                0x0000000020007328                GaY
                0x000000002000732c                MoyAX
                0x000000002000732e                IGpX
                0x0000000020007332                GvY
                0x0000000020007336                PWMot2
                0x0000000020007338                pTabmoyAX
                0x000000002000733c                GvZ
                0x0000000020007340                moteur2
                0x0000000020007344                tabMoyAX
                0x0000000020007384                PWMot3
                0x0000000020007386                IGpY
                0x000000002000738a                PWMot1
                0x000000002000738c                moteur3
                0x0000000020007390                bufGyroOld
                0x0000000020007396                tabMoyAY
                0x00000000200073d8                . = ALIGN ((. != 0x0)?0x4:0x1)
 *fill*         0x00000000200073d6        0x2 00
                0x00000000200073d8                . = ALIGN (0x4)
                0x00000000200073d8                . = ALIGN (0x4)
                0x00000000200073d8                _end = .
                0x00000000200073d8                PROVIDE (end, .)
                0x00000000200073d8                . = DATA_SEGMENT_END (.)

.stab
 *(.stab)

.stabstr
 *(.stabstr)

.stab.excl
 *(.stab.excl)

.stab.exclstr
 *(.stab.exclstr)

.stab.index
 *(.stab.index)

.stab.indexstr
 *(.stab.indexstr)

.comment        0x0000000000000000      0x198
 *(.comment)
 .comment       0x0000000000000000       0x12 libs/spiUtils/spiUtils.o
 .comment       0x0000000000000012       0x12 libs/mfprintf/mfprintf.o
 .comment       0x0000000000000024       0x12 libs/lib-iobase-evb5213/lib-iobase-evb5213.o
 .comment       0x0000000000000036       0x12 ReponseIndicielle.o
 .comment       0x0000000000000048       0x2a /usr/local/m68k-elf/lib/libm.a(w_asin.o)
 .comment       0x0000000000000072       0x2a /usr/local/m68k-elf/lib/libm.a(e_asin.o)
 .comment       0x000000000000009c       0x2a /usr/local/m68k-elf/lib/libm.a(e_sqrt.o)
 .comment       0x00000000000000c6       0x2a /usr/local/m68k-elf/lib/libm.a(s_fabs.o)
 .comment       0x00000000000000f0       0x2a /usr/local/m68k-elf/lib/libm.a(s_isnand.o)
 .comment       0x000000000000011a       0x2a /usr/local/m68k-elf/lib/libm.a(s_lib_ver.o)
 .comment       0x0000000000000144       0x2a /usr/local/m68k-elf/lib/libm.a(s_matherr.o)
 .comment       0x000000000000016e       0x2a /usr/local/lib/gcc/m68k-elf/4.5.2/m5211//libgcc.a(fpgnulib.o)

.debug
 *(.debug)

.line
 *(.line)

.debug_srcinfo
 *(.debug_srcinfo)

.debug_sfnames
 *(.debug_sfnames)

.debug_aranges  0x0000000000000000      0x260
 *(.debug_aranges)
 .debug_aranges
                0x0000000000000000       0x20 libs/crt/crt.o
 .debug_aranges
                0x0000000000000020       0x20 libs/spiUtils/spiUtils.o
 .debug_aranges
                0x0000000000000040       0x20 libs/mfprintf/mfprintf.o
 .debug_aranges
                0x0000000000000060       0x20 libs/lib-iobase-evb5213/lib-iobase-evb5213.o
 .debug_aranges
                0x0000000000000080       0x20 ReponseIndicielle.o
 .debug_aranges
                0x00000000000000a0       0x20 /usr/local/m68k-elf/lib/libm.a(w_asin.o)
 .debug_aranges
                0x00000000000000c0       0x20 /usr/local/m68k-elf/lib/libm.a(e_asin.o)
 .debug_aranges
                0x00000000000000e0       0x20 /usr/local/m68k-elf/lib/libm.a(e_sqrt.o)
 .debug_aranges
                0x0000000000000100       0x20 /usr/local/m68k-elf/lib/libm.a(s_fabs.o)
 .debug_aranges
                0x0000000000000120       0x20 /usr/local/m68k-elf/lib/libm.a(s_isnand.o)
 .debug_aranges
                0x0000000000000140       0x20 /usr/local/m68k-elf/lib/libm.a(s_matherr.o)
 .debug_aranges
                0x0000000000000160       0x20 /usr/local/lib/gcc/m68k-elf/4.5.2/m5211//libgcc.a(_udivsi3.o)
 .debug_aranges
                0x0000000000000180       0x20 /usr/local/lib/gcc/m68k-elf/4.5.2/m5211//libgcc.a(_divsi3.o)
 .debug_aranges
                0x00000000000001a0       0x20 /usr/local/lib/gcc/m68k-elf/4.5.2/m5211//libgcc.a(_umodsi3.o)
 .debug_aranges
                0x00000000000001c0       0x20 /usr/local/lib/gcc/m68k-elf/4.5.2/m5211//libgcc.a(_modsi3.o)
 .debug_aranges
                0x00000000000001e0       0x20 /usr/local/lib/gcc/m68k-elf/4.5.2/m5211//libgcc.a(_double.o)
 .debug_aranges
                0x0000000000000200       0x20 /usr/local/lib/gcc/m68k-elf/4.5.2/m5211//libgcc.a(_floatex.o)
 .debug_aranges
                0x0000000000000220       0x20 /usr/local/lib/gcc/m68k-elf/4.5.2/m5211//libgcc.a(_gtdf2.o)
 .debug_aranges
                0x0000000000000240       0x20 /usr/local/lib/gcc/m68k-elf/4.5.2/m5211//libgcc.a(fpgnulib.o)

.debug_pubnames
                0x0000000000000000      0x447
 *(.debug_pubnames)
 .debug_pubnames
                0x0000000000000000       0x59 libs/spiUtils/spiUtils.o
 .debug_pubnames
                0x0000000000000059       0x6f libs/mfprintf/mfprintf.o
 .debug_pubnames
                0x00000000000000c8       0x3c libs/lib-iobase-evb5213/lib-iobase-evb5213.o
 .debug_pubnames
                0x0000000000000104      0x1ad ReponseIndicielle.o
 .debug_pubnames
                0x00000000000002b1       0x1b /usr/local/m68k-elf/lib/libm.a(w_asin.o)
 .debug_pubnames
                0x00000000000002cc       0x25 /usr/local/m68k-elf/lib/libm.a(e_asin.o)
 .debug_pubnames
                0x00000000000002f1       0x25 /usr/local/m68k-elf/lib/libm.a(e_sqrt.o)
 .debug_pubnames
                0x0000000000000316       0x1b /usr/local/m68k-elf/lib/libm.a(s_fabs.o)
 .debug_pubnames
                0x0000000000000331       0x1f /usr/local/m68k-elf/lib/libm.a(s_isnand.o)
 .debug_pubnames
                0x0000000000000350       0x26 /usr/local/m68k-elf/lib/libm.a(s_lib_ver.o)
 .debug_pubnames
                0x0000000000000376       0x1e /usr/local/m68k-elf/lib/libm.a(s_matherr.o)
 .debug_pubnames
                0x0000000000000394       0xb3 /usr/local/lib/gcc/m68k-elf/4.5.2/m5211//libgcc.a(fpgnulib.o)

.debug_info     0x0000000000000000     0x203a
 *(.debug_info .gnu.linkonce.wi.*)
 .debug_info    0x0000000000000000       0x7c libs/crt/crt.o
 .debug_info    0x000000000000007c      0x157 libs/spiUtils/spiUtils.o
 .debug_info    0x00000000000001d3      0x3a3 libs/mfprintf/mfprintf.o
 .debug_info    0x0000000000000576      0x10f libs/lib-iobase-evb5213/lib-iobase-evb5213.o
 .debug_info    0x0000000000000685      0x5f2 ReponseIndicielle.o
 .debug_info    0x0000000000000c77      0x190 /usr/local/m68k-elf/lib/libm.a(w_asin.o)
 .debug_info    0x0000000000000e07      0x303 /usr/local/m68k-elf/lib/libm.a(e_asin.o)
 .debug_info    0x000000000000110a      0x230 /usr/local/m68k-elf/lib/libm.a(e_sqrt.o)
 .debug_info    0x000000000000133a      0x136 /usr/local/m68k-elf/lib/libm.a(s_fabs.o)
 .debug_info    0x0000000000001470      0x14a /usr/local/m68k-elf/lib/libm.a(s_isnand.o)
 .debug_info    0x00000000000015ba       0xc8 /usr/local/m68k-elf/lib/libm.a(s_lib_ver.o)
 .debug_info    0x0000000000001682      0x132 /usr/local/m68k-elf/lib/libm.a(s_matherr.o)
 .debug_info    0x00000000000017b4       0xaa /usr/local/lib/gcc/m68k-elf/4.5.2/m5211//libgcc.a(_udivsi3.o)
 .debug_info    0x000000000000185e       0xaa /usr/local/lib/gcc/m68k-elf/4.5.2/m5211//libgcc.a(_divsi3.o)
 .debug_info    0x0000000000001908       0xaa /usr/local/lib/gcc/m68k-elf/4.5.2/m5211//libgcc.a(_umodsi3.o)
 .debug_info    0x00000000000019b2       0xaa /usr/local/lib/gcc/m68k-elf/4.5.2/m5211//libgcc.a(_modsi3.o)
 .debug_info    0x0000000000001a5c       0xaa /usr/local/lib/gcc/m68k-elf/4.5.2/m5211//libgcc.a(_double.o)
 .debug_info    0x0000000000001b06       0xaa /usr/local/lib/gcc/m68k-elf/4.5.2/m5211//libgcc.a(_floatex.o)
 .debug_info    0x0000000000001bb0       0xaa /usr/local/lib/gcc/m68k-elf/4.5.2/m5211//libgcc.a(_gtdf2.o)
 .debug_info    0x0000000000001c5a      0x3e0 /usr/local/lib/gcc/m68k-elf/4.5.2/m5211//libgcc.a(fpgnulib.o)

.debug_abbrev   0x0000000000000000      0xc13
 *(.debug_abbrev)
 .debug_abbrev  0x0000000000000000       0x14 libs/crt/crt.o
 .debug_abbrev  0x0000000000000014       0xd4 libs/spiUtils/spiUtils.o
 .debug_abbrev  0x00000000000000e8      0x138 libs/mfprintf/mfprintf.o
 .debug_abbrev  0x0000000000000220       0xb1 libs/lib-iobase-evb5213/lib-iobase-evb5213.o
 .debug_abbrev  0x00000000000002d1      0x1b2 ReponseIndicielle.o
 .debug_abbrev  0x0000000000000483       0xdb /usr/local/m68k-elf/lib/libm.a(w_asin.o)
 .debug_abbrev  0x000000000000055e      0x129 /usr/local/m68k-elf/lib/libm.a(e_asin.o)
 .debug_abbrev  0x0000000000000687      0x111 /usr/local/m68k-elf/lib/libm.a(e_sqrt.o)
 .debug_abbrev  0x0000000000000798       0xc3 /usr/local/m68k-elf/lib/libm.a(s_fabs.o)
 .debug_abbrev  0x000000000000085b       0xc3 /usr/local/m68k-elf/lib/libm.a(s_isnand.o)
 .debug_abbrev  0x000000000000091e       0x58 /usr/local/m68k-elf/lib/libm.a(s_lib_ver.o)
 .debug_abbrev  0x0000000000000976       0x93 /usr/local/m68k-elf/lib/libm.a(s_matherr.o)
 .debug_abbrev  0x0000000000000a09       0x14 /usr/local/lib/gcc/m68k-elf/4.5.2/m5211//libgcc.a(_udivsi3.o)
 .debug_abbrev  0x0000000000000a1d       0x14 /usr/local/lib/gcc/m68k-elf/4.5.2/m5211//libgcc.a(_divsi3.o)
 .debug_abbrev  0x0000000000000a31       0x14 /usr/local/lib/gcc/m68k-elf/4.5.2/m5211//libgcc.a(_umodsi3.o)
 .debug_abbrev  0x0000000000000a45       0x14 /usr/local/lib/gcc/m68k-elf/4.5.2/m5211//libgcc.a(_modsi3.o)
 .debug_abbrev  0x0000000000000a59       0x14 /usr/local/lib/gcc/m68k-elf/4.5.2/m5211//libgcc.a(_double.o)
 .debug_abbrev  0x0000000000000a6d       0x14 /usr/local/lib/gcc/m68k-elf/4.5.2/m5211//libgcc.a(_floatex.o)
 .debug_abbrev  0x0000000000000a81       0x14 /usr/local/lib/gcc/m68k-elf/4.5.2/m5211//libgcc.a(_gtdf2.o)
 .debug_abbrev  0x0000000000000a95      0x17e /usr/local/lib/gcc/m68k-elf/4.5.2/m5211//libgcc.a(fpgnulib.o)

.debug_line     0x0000000000000000     0x13f8
 *(.debug_line)
 .debug_line    0x0000000000000000       0x4c libs/crt/crt.o
 .debug_line    0x000000000000004c       0xf7 libs/spiUtils/spiUtils.o
 .debug_line    0x0000000000000143      0x1be libs/mfprintf/mfprintf.o
 .debug_line    0x0000000000000301       0xea libs/lib-iobase-evb5213/lib-iobase-evb5213.o
 .debug_line    0x00000000000003eb      0x184 ReponseIndicielle.o
 .debug_line    0x000000000000056f       0xbb /usr/local/m68k-elf/lib/libm.a(w_asin.o)
 .debug_line    0x000000000000062a      0x134 /usr/local/m68k-elf/lib/libm.a(e_asin.o)
 .debug_line    0x000000000000075e      0x165 /usr/local/m68k-elf/lib/libm.a(e_sqrt.o)
 .debug_line    0x00000000000008c3       0xfa /usr/local/m68k-elf/lib/libm.a(s_fabs.o)
 .debug_line    0x00000000000009bd       0xc5 /usr/local/m68k-elf/lib/libm.a(s_isnand.o)
 .debug_line    0x0000000000000a82       0x9d /usr/local/m68k-elf/lib/libm.a(s_lib_ver.o)
 .debug_line    0x0000000000000b1f       0xae /usr/local/m68k-elf/lib/libm.a(s_matherr.o)
 .debug_line    0x0000000000000bcd       0x7e /usr/local/lib/gcc/m68k-elf/4.5.2/m5211//libgcc.a(_udivsi3.o)
 .debug_line    0x0000000000000c4b       0x7f /usr/local/lib/gcc/m68k-elf/4.5.2/m5211//libgcc.a(_divsi3.o)
 .debug_line    0x0000000000000cca       0x78 /usr/local/lib/gcc/m68k-elf/4.5.2/m5211//libgcc.a(_umodsi3.o)
 .debug_line    0x0000000000000d42       0x78 /usr/local/lib/gcc/m68k-elf/4.5.2/m5211//libgcc.a(_modsi3.o)
 .debug_line    0x0000000000000dba      0x45c /usr/local/lib/gcc/m68k-elf/4.5.2/m5211//libgcc.a(_double.o)
 .debug_line    0x0000000000001216       0x8a /usr/local/lib/gcc/m68k-elf/4.5.2/m5211//libgcc.a(_floatex.o)
 .debug_line    0x00000000000012a0       0x75 /usr/local/lib/gcc/m68k-elf/4.5.2/m5211//libgcc.a(_gtdf2.o)
 .debug_line    0x0000000000001315       0xe3 /usr/local/lib/gcc/m68k-elf/4.5.2/m5211//libgcc.a(fpgnulib.o)

.debug_frame    0x0000000000000000      0x558
 *(.debug_frame)
 .debug_frame   0x0000000000000000       0x9c libs/spiUtils/spiUtils.o
 .debug_frame   0x000000000000009c       0xa0 libs/mfprintf/mfprintf.o
 .debug_frame   0x000000000000013c       0x7c libs/lib-iobase-evb5213/lib-iobase-evb5213.o
 .debug_frame   0x00000000000001b8       0xec ReponseIndicielle.o
 .debug_frame   0x00000000000002a4       0x44 /usr/local/m68k-elf/lib/libm.a(w_asin.o)
 .debug_frame   0x00000000000002e8       0x64 /usr/local/m68k-elf/lib/libm.a(e_asin.o)
 .debug_frame   0x000000000000034c       0x44 /usr/local/m68k-elf/lib/libm.a(e_sqrt.o)
 .debug_frame   0x0000000000000390       0x30 /usr/local/m68k-elf/lib/libm.a(s_fabs.o)
 .debug_frame   0x00000000000003c0       0x30 /usr/local/m68k-elf/lib/libm.a(s_isnand.o)
 .debug_frame   0x00000000000003f0       0x2c /usr/local/m68k-elf/lib/libm.a(s_matherr.o)
 .debug_frame   0x000000000000041c      0x13c /usr/local/lib/gcc/m68k-elf/4.5.2/m5211//libgcc.a(fpgnulib.o)

.debug_str      0x0000000000000000     0x111b
 *(.debug_str)
 .debug_str     0x0000000000000000      0x113 libs/spiUtils/spiUtils.o
 .debug_str     0x0000000000000113      0x174 libs/mfprintf/mfprintf.o
 .debug_str     0x0000000000000287      0x12d libs/lib-iobase-evb5213/lib-iobase-evb5213.o
 .debug_str     0x00000000000003b4      0x29d ReponseIndicielle.o
 .debug_str     0x0000000000000651      0x185 /usr/local/m68k-elf/lib/libm.a(w_asin.o)
 .debug_str     0x00000000000007d6      0x16e /usr/local/m68k-elf/lib/libm.a(e_asin.o)
 .debug_str     0x0000000000000944      0x15b /usr/local/m68k-elf/lib/libm.a(e_sqrt.o)
 .debug_str     0x0000000000000a9f      0x13d /usr/local/m68k-elf/lib/libm.a(s_fabs.o)
 .debug_str     0x0000000000000bdc      0x14a /usr/local/m68k-elf/lib/libm.a(s_isnand.o)
 .debug_str     0x0000000000000d26      0x160 /usr/local/m68k-elf/lib/libm.a(s_lib_ver.o)
 .debug_str     0x0000000000000e86      0x132 /usr/local/m68k-elf/lib/libm.a(s_matherr.o)
 .debug_str     0x0000000000000fb8      0x163 /usr/local/lib/gcc/m68k-elf/4.5.2/m5211//libgcc.a(fpgnulib.o)

.debug_loc      0x0000000000000000      0xe26
 *(.debug_loc)
 .debug_loc     0x0000000000000000       0xa0 libs/spiUtils/spiUtils.o
 .debug_loc     0x00000000000000a0       0xa0 libs/mfprintf/mfprintf.o
 .debug_loc     0x0000000000000140       0x80 libs/lib-iobase-evb5213/lib-iobase-evb5213.o
 .debug_loc     0x00000000000001c0       0xc0 ReponseIndicielle.o
 .debug_loc     0x0000000000000280       0x44 /usr/local/m68k-elf/lib/libm.a(w_asin.o)
 .debug_loc     0x00000000000002c4      0x188 /usr/local/m68k-elf/lib/libm.a(e_asin.o)
 .debug_loc     0x000000000000044c      0x490 /usr/local/m68k-elf/lib/libm.a(e_sqrt.o)
 .debug_loc     0x00000000000008dc       0x38 /usr/local/m68k-elf/lib/libm.a(s_fabs.o)
 .debug_loc     0x0000000000000914       0x38 /usr/local/m68k-elf/lib/libm.a(s_isnand.o)
 .debug_loc     0x000000000000094c       0x20 /usr/local/m68k-elf/lib/libm.a(s_matherr.o)
 .debug_loc     0x000000000000096c      0x4ba /usr/local/lib/gcc/m68k-elf/4.5.2/m5211//libgcc.a(fpgnulib.o)

.debug_macinfo
 *(.debug_macinfo)

.debug_weaknames
 *(.debug_weaknames)

.debug_funcnames
 *(.debug_funcnames)

.debug_typenames
 *(.debug_typenames)

.debug_varnames
 *(.debug_varnames)

.debug_pubtypes
                0x0000000000000000       0xac
 *(.debug_pubtypes)
 .debug_pubtypes
                0x0000000000000000       0x29 libs/spiUtils/spiUtils.o
 .debug_pubtypes
                0x0000000000000029       0x31 libs/mfprintf/mfprintf.o
 .debug_pubtypes
                0x000000000000005a       0x1d libs/lib-iobase-evb5213/lib-iobase-evb5213.o
 .debug_pubtypes
                0x0000000000000077       0x35 ReponseIndicielle.o

.debug_ranges   0x0000000000000000       0x68
 *(.debug_ranges)
 .debug_ranges  0x0000000000000000       0x18 libs/mfprintf/mfprintf.o
 .debug_ranges  0x0000000000000018       0x20 ReponseIndicielle.o
 .debug_ranges  0x0000000000000038       0x18 /usr/local/m68k-elf/lib/libm.a(e_asin.o)
 .debug_ranges  0x0000000000000050       0x18 /usr/local/lib/gcc/m68k-elf/4.5.2/m5211//libgcc.a(fpgnulib.o)

.gnu.attributes
 *(.gnu.attributes)

/DISCARD/
 *(.note.GNU-stack)
 *(.gnu_debuglink)
 *(.gnu.lto_*)
OUTPUT(ReponseIndicielle.s19 srec)
